{"level":"debug","ts":"2023-08-11T14:44:31Z","msg":"Retrying failed request \"http://google.com/rdn\" (HTTP 404 Not Found) after 100 ms delay... (try 1/5)","coordinate":{"reference":"test-project:some-type:awesome-config","project":"test-project","type":"some-type","configID":"awesome-config"},"environment":{"group":"test-group","name":"test-env"},"gid":42,"statusCode":404,"try":1,"maxRetries":5}
{"level":"debug","ts":"2023-08-11T14:44:31Z","msg":"Retrying failed request \"http://google.com/rdn\" (HTTP 404 Not Found) after 100 ms delay... (try 2/5)","coordinate":{"reference":"test-project:some-type:awesome-config","project":"test-project","type":"some-type","configID":"awesome-config"},"environment":{"group":"test-group","name":"test-env"},"gid":42,"statusCode":404,"try":2,"maxRetries":5}
{"level":"debug","ts":"2023-08-11T14:44:31Z","msg":"Retrying failed request \"http://google.com/rdn\" (HTTP 404 Not Found) after 100 ms delay... (try 3/5)","coordinate":{"reference":"test-project:some-type:awesome-config","project":"test-project","type":"some-type","configID":"awesome-config"},"environment":{"group":"test-group","name":"test-env"},"gid":42,"statusCode":404,"try":3,"maxRetries":5}
{"level":"debug","ts":"2023-08-11T14:44:32Z","msg":"Retrying failed request \"http://google.com/rdn\" (HTTP 404 Not Found) after 100 ms delay... (try 4/5)","coordinate":{"reference":"test-project:some-type:awesome-config","project":"test-project","type":"some-type","configID":"awesome-config"},"environment":{"group":"test-group","name":"test-env"},"gid":42,"statusCode":404,"try":4,"maxRetries":5}
{"level":"debug","ts":"2023-08-11T14:44:32Z","msg":"Retrying failed request \"http://google.com/rdn\" (HTTP 404 Not Found) after 100 ms delay... (try 5/5)","coordinate":{"reference":"test-project:some-type:awesome-config","project":"test-project","type":"some-type","configID":"awesome-config"},"environment":{"group":"test-group","name":"test-env"},"gid":42,"statusCode":404,"try":5,"maxRetries":5}
{"level":"error","ts":"2023-08-11T14:44:32Z","msg":"failed to get google homepage","coordinate":{"reference":"test-project:some-type:awesome-config","project":"test-project","type":"some-type","configID":"awesome-config"},"environment":{"group":"test-group","name":"test-env"},"gid":42,"error":"HTTP request failed with status code 404"}
